#
# A fatal error has been detected by the Java Runtime Environment:
#
#  EXCEPTION_ACCESS_VIOLATION (0xc0000005) at pc=0x00007ffc3977d09d, pid=3892, tid=25760
#
# JRE version: Java(TM) SE Runtime Environment (25.0.1+8) (build 25.0.1+8-LTS-27)
# Java VM: Java HotSpot(TM) 64-Bit Server VM (25.0.1+8-LTS-27, mixed mode, sharing, tiered, compressed oops, compressed class ptrs, g1 gc, windows-amd64)
# Problematic frame:
# V  [jvm.dll+0x31d09d]
#
# No core dump will be written. Minidumps are not enabled by default on client versions of Windows
#
# If you would like to submit a bug report, please visit:
#   https://bugreport.java.com/bugreport/crash.jsp
#

---------------  S U M M A R Y ------------

Command Line: -Dfile.encoding=UTF-8 --module-path=C:\Users\Chaya\OneDrive\Documents\NetBeansProjects\TPP5\build\classes tpp5.Main

Host: Intel(R) Core(TM) i7-8550U CPU @ 1.80GHz, 8 cores, 15G,  Windows 11 , 64 bit Build 26100 (10.0.26100.7309)
Time: Fri Dec 26 18:32:56 2025 Paris, Madrid elapsed time: 1870.326530 seconds (0d 0h 31m 10s)

---------------  T H R E A D  ---------------

Current thread (0x000002af5e4cda20):  JavaThread "C2 CompilerThread0" daemon [_thread_in_native, id=25760, stack(0x000000bb03c00000,0x000000bb03d00000) (1024K)]


Current CompileTask:
C2:1870326 2629       4       sun.awt.SunToolkit::postEvent (147 bytes)

Stack: [0x000000bb03c00000,0x000000bb03d00000],  sp=0x000000bb03cfcae0,  free space=1010k
Native frames: (J=compiled Java code, j=interpreted, Vv=VM code, C=native code)
V  [jvm.dll+0x31d09d]  (no source info available)
V  [jvm.dll+0x3136f0]  (no source info available)
V  [jvm.dll+0x71e922]  (no source info available)
V  [jvm.dll+0x724c9b]  (no source info available)
V  [jvm.dll+0x725d19]  (no source info available)
V  [jvm.dll+0x723fd8]  (no source info available)
V  [jvm.dll+0x2c0745]  (no source info available)
V  [jvm.dll+0x2bfa8f]  (no source info available)
V  [jvm.dll+0x237b60]  (no source info available)
V  [jvm.dll+0x2cfb56]  (no source info available)
V  [jvm.dll+0x2cddd5]  (no source info available)
V  [jvm.dll+0x48e6d1]  (no source info available)
V  [jvm.dll+0x906a0d]  (no source info available)
V  [jvm.dll+0x7a5135]  (no source info available)
C  [ucrtbase.dll+0x37b0]  (no source info available)
C  [KERNEL32.DLL+0x2e8d7]  (no source info available)
C  [ntdll.dll+0x8c53c]  (no source info available)


siginfo: EXCEPTION_ACCESS_VIOLATION (0xc0000005), reading address 0x000002af64d9ea7b


Registers:
RAX=0x0000000000000015, RBX=0x000002af65050a80, RCX=0x000002af65050a80, RDX=0x000002af6521a408
RSP=0x000000bb03cfcae0, RBP=0x000000000000027d, RSI=0x000002af6521a408, RDI=0x000002af65050a80
R8 =0x000002af65051210, R9 =0x00007ffc397736e8, R10=0x00007ffcb28d0000, R11=0x00007ffcb28e1c56
R12=0x000002af657f8120, R13=0x0000000000000003, R14=0x00007ffc39460000, R15=0x000002af6521a408
RIP=0x00007ffc3977d09d, EFLAGS=0x0000000000010246

XMM[0]=0x0000000000000000 0x0000000000000000
XMM[1]=0x0000000000000000 0x0000000000000000
XMM[2]=0x000002af658e98d0 0x000002af6521be60
XMM[3]=0x000002af65ab7a50 0x000002af65ab7a50
XMM[4]=0x000002af65ab7a50 0x000002af65ab7a50
XMM[5]=0x000002af67b89270 0x000002af65abd7f0
XMM[6]=0x0000000000000000 0x0000000000000000
XMM[7]=0x0000000000000000 0x0000000000000000
XMM[8]=0x0000000000000000 0x0000000000000000
XMM[9]=0x0000000000000000 0x0000000000000000
XMM[10]=0x0000000000000000 0x0000000000000000
XMM[11]=0x0000000000000000 0x0000000000000000
XMM[12]=0x0000000000000000 0x0000000000000000
XMM[13]=0x0000000000000000 0x0000000000000000
XMM[14]=0x0000000000000000 0x0000000000000000
XMM[15]=0x0000000000000000 0x0000000000000000
  MXCSR=0x00001fa0


Register to memory mapping:

RAX=0x0000000000000015 is an unknown value
RBX=0x000002af65050a80 points into unknown readable memory: 0x0000000000000000 | 00 00 00 00 00 00 00 00
RCX=0x000002af65050a80 points into unknown readable memory: 0x0000000000000000 | 00 00 00 00 00 00 00 00
RDX=0x000002af6521a408 points into unknown readable memory: 0x00007ffc39ef5cb8 | b8 5c ef 39 fc 7f 00 00
RSP=0x000000bb03cfcae0 is pointing into the stack for thread: 0x000002af5e4cda20
RBP=0x000000000000027d is an unknown value
RSI=0x000002af6521a408 points into unknown readable memory: 0x00007ffc39ef5cb8 | b8 5c ef 39 fc 7f 00 00
RDI=0x000002af65050a80 points into unknown readable memory: 0x0000000000000000 | 00 00 00 00 00 00 00 00
R8 =0x000002af65051210 points into unknown readable memory: 0x0000000000000000 | 00 00 00 00 00 00 00 00
R9 =0x00007ffc397736e8 jvm.dll
R10=0x00007ffcb28d0000 VCRUNTIME140.dll
R11=0x00007ffcb28e1c56 VCRUNTIME140.dll
R12=0x000002af657f8120 points into unknown readable memory: 0x00007ffc39efec38 | 38 ec ef 39 fc 7f 00 00
R13=0x0000000000000003 is an unknown value
R14=0x00007ffc39460000 jvm.dll
R15=0x000002af6521a408 points into unknown readable memory: 0x00007ffc39ef5cb8 | b8 5c ef 39 fc 7f 00 00

Top of Stack: (sp=0x000000bb03cfcae0)
0x000000bb03cfcae0:   0000000000000001 0000000000000000   ................
0x000000bb03cfcaf0:   000000bb03cfd100 000002af657f8120   ........ ..e....
0x000000bb03cfcb00:   000002af657fb020 00007ffc397736f0    ..e.....6w9....
0x000000bb03cfcb10:   0000000000000001 000002af65050a80   ...........e....
0x000000bb03cfcb20:   0000000000000017 0000000000000000   ................
0x000000bb03cfcb30:   000002af6521a408 000002af65050a80   ..!e.......e....
0x000000bb03cfcb40:   0000000000000003 000002af657f8120   ........ ..e....
0x000000bb03cfcb50:   0000000000000000 00007ffc39b7e922   ........"..9....
0x000000bb03cfcb60:   000002af65072f60 000002af657fb020   `/.e.... ..e....
0x000000bb03cfcb70:   000000bb03cfd100 000002af657f8120   ........ ..e....
0x000000bb03cfcb80:   000000bb03cfcc98 000002af65050a80   ...........e....
0x000000bb03cfcb90:   0000000200000003 00007ffc00000003   ................
0x000000bb03cfcba0:   000002af65050120 0000000000000000    ..e............
0x000000bb03cfcbb0:   000000bb03cfd100 000002af6521a408   ..........!e....
0x000000bb03cfcbc0:   0000000000000000 000002af65050a80   ...........e....
0x000000bb03cfcbd0:   0000000000000001 00007ffc39b84c9b   .........L.9....
0x000000bb03cfcbe0:   000000bb03cfd100 000000bb03cfd118   ................
0x000000bb03cfcbf0:   000002af65050a80 0000000000000000   ...e............
0x000000bb03cfcc00:   000000bb03cfcc98 00007ffc39be01f9   ...........9....
0x000000bb03cfcc10:   00000000000027d8 000002af65050a80   .'.........e....
0x000000bb03cfcc20:   000002af65052910 000002af65219670   .).e....p.!e....
0x000000bb03cfcc30:   000002af65ac1f00 000002af6521a408   ...e......!e....
0x000000bb03cfcc40:   0000000000000000 000000bb03cfd100   ................
0x000000bb03cfcc50:   0000000000000000 0000000000000000   ................
0x000000bb03cfcc60:   fffffffffffffff8 000000bb03cfccd8   ................
0x000000bb03cfcc70:   000002af6521a408 00007ffc39b85d19   ..!e.....].9....
0x000000bb03cfcc80:   000002af65ac38f8 000002af65219670   .8.e....p.!e....
0x000000bb03cfcc90:   0000000000000001 000002af657fb020   ........ ..e....
0x000000bb03cfcca0:   000002af67b60668 000002af67b749d8   h..g.....I.g....
0x000000bb03cfccb0:   000002af67b5d7d8 000002af5e4a47d0   ...g.....GJ^....
0x000000bb03cfccc0:   0000000000000020 000000bb03cfcd99    ...............
0x000000bb03cfccd0:   0000000000000008 000000bb03cfe6e8   ................

Instructions: (pc=0x00007ffc3977d09d)
  0x00007ffc3977cf9d:   00 00 00 66 89 8b 5c 05 00 00 f6 83 cc 05 00 00
  0x00007ffc3977cfad:   01 74 0b 8d 42 64 39 83 a8 01 00 00 76 10 8d 42
  0x00007ffc3977cfbd:   64 66 89 ab cc 05 00 00 89 83 a8 01 00 00 f6 83
  0x00007ffc3977cfcd:   5e 05 00 00 01 74 08 39 93 cc 00 00 00 76 0d 89
  0x00007ffc3977cfdd:   93 cc 00 00 00 66 89 8b 5e 05 00 00 f6 83 6a 05
  0x00007ffc3977cfed:   00 00 01 74 08 39 93 e4 00 00 00 76 0d 89 93 e4
  0x00007ffc3977cffd:   00 00 00 fb e0 d2 ff 05 00 00 f6 83 60 05 00 00
  0x00007ffc3977d00d:   01 74 08 fb e0 d2 ff 00 00 76 0d 89 93 d0 00 00
  0x00007ffc3977d01d:   00 66 89 fb df d2 ff 00 f6 83 68 05 00 00 01 74
  0x00007ffc3977d02d:   08 39 93 fb df d4 ff 76 0d 89 93 e0 00 00 00 66
  0x00007ffc3977d03d:   89 8b 68 fb df d4 ff 83 62 05 00 00 01 74 08 39
  0x00007ffc3977d04d:   93 d4 00 fb df d4 ff 89 93 d4 00 00 00 66 89 8b
  0x00007ffc3977d05d:   62 05 00 fb df d4 ff 05 00 00 01 74 08 39 93 d8
  0x00007ffc3977d06d:   00 00 00 fb df d4 ff d8 00 00 00 66 89 8b 64 05
  0x00007ffc3977d07d:   00 00 f6 fb df d4 ff 00 01 74 08 39 93 dc 00 00
  0x00007ffc3977d08d:   00 76 0d fb df d4 ff 00 00 66 89 8b 66 05 00 00
=>0x00007ffc3977d09d:   4c 8b 83 fb df d4 ff 4d 85 c0 0f 84 a4 01 00 00
  0x00007ffc3977d0ad:   41 f6 80 fb df d4 ff 01 0f 84 96 01 00 00 48 8b
  0x00007ffc3977d0bd:   93 88 07 fb df d4 ff d2 0f 84 86 01 00 00 f6 82
  0x00007ffc3977d0cd:   ee 06 00 fb df d4 ff 79 01 00 00 4d 8b 88 88 07
  0x00007ffc3977d0dd:   00 00 48 fb df d4 ff 00 00 49 8b 89 80 07 00 00
  0x00007ffc3977d0ed:   48 8b 80 fb df d4 ff 48 39 81 78 07 00 00 0f 85
  0x00007ffc3977d0fd:   50 01 00 fb df d4 ff 88 07 00 00 49 8b 89 88 07
  0x00007ffc3977d10d:   00 00 48 fb df d4 ff 00 00 48 39 81 78 07 00 00
  0x00007ffc3977d11d:   0f 85 2e fb df d4 ff 8a ec 03 00 00 41 8b 90 f0
  0x00007ffc3977d12d:   03 00 00 fb df d4 ff 00 00 03 d1 b9 8b 08 00 00
  0x00007ffc3977d13d:   f6 83 5c fb df d4 ff 74 08 39 93 c8 00 00 00 76
  0x00007ffc3977d14d:   0d 89 93 fb df d4 ff 66 89 8b 5c 05 00 00 f6 83
  0x00007ffc3977d15d:   cc 05 00 fb df d4 ff 8d 42 64 39 83 a8 01 00 00
  0x00007ffc3977d16d:   76 10 8d fb df d4 ff ab cc 05 00 00 89 83 a8 01
  0x00007ffc3977d17d:   00 00 f6 fb df d4 ff 00 01 74 08 39 93 cc 00 00
  0x00007ffc3977d18d:   00 76 0d fb df d4 ff 00 00 66 89 8b 5e 05 00 00


Stack slot to memory mapping:

stack at sp + 0 slots: 0x0000000000000001 is an unknown value
stack at sp + 1 slots: 0x0 is null
stack at sp + 2 slots: 0x000000bb03cfd100 is pointing into the stack for thread: 0x000002af5e4cda20
stack at sp + 3 slots: 0x000002af657f8120 points into unknown readable memory: 0x00007ffc39efec38 | 38 ec ef 39 fc 7f 00 00
stack at sp + 4 slots: 0x000002af657fb020 points into unknown readable memory: 0x00007ffc39e725b0 | b0 25 e7 39 fc 7f 00 00
stack at sp + 5 slots: 0x00007ffc397736f0 jvm.dll
stack at sp + 6 slots: 0x0000000000000001 is an unknown value
stack at sp + 7 slots: 0x000002af65050a80 points into unknown readable memory: 0x0000000000000000 | 00 00 00 00 00 00 00 00

Lock stack of current Java thread (top to bottom):


---------------  P R O C E S S  ---------------

Threads class SMR info:
_java_thread_list=0x000002af65a768e0, length=16, elements={
0x000002af5e4ab190, 0x000002af5e4abbf0, 0x000002af5e4ba2e0, 0x000002af5e4baea0,
0x000002af5e4bc400, 0x000002af5e4bfab0, 0x000002af5e4cda20, 0x000002af5e4d2770,
0x000002af5e4d05c0, 0x000002af5e4d0d90, 0x000002af5e4ce680, 0x000002af65418160,
0x000002af65419100, 0x000002af6541a870, 0x000002af6541b810, 0x000002af6541bfe0
}

Java Threads: ( => current thread )
  0x000002af5e4ab190 JavaThread "Reference Handler"          daemon [_thread_blocked, id=25452, stack(0x000000bb03600000,0x000000bb03700000) (1024K)]
  0x000002af5e4abbf0 JavaThread "Finalizer"                  daemon [_thread_blocked, id=4580, stack(0x000000bb03700000,0x000000bb03800000) (1024K)]
  0x000002af5e4ba2e0 JavaThread "Signal Dispatcher"          daemon [_thread_blocked, id=23908, stack(0x000000bb03800000,0x000000bb03900000) (1024K)]
  0x000002af5e4baea0 JavaThread "Attach Listener"            daemon [_thread_blocked, id=24248, stack(0x000000bb03900000,0x000000bb03a00000) (1024K)]
  0x000002af5e4bc400 JavaThread "Service Thread"             daemon [_thread_blocked, id=21456, stack(0x000000bb03a00000,0x000000bb03b00000) (1024K)]
  0x000002af5e4bfab0 JavaThread "Monitor Deflation Thread"   daemon [_thread_blocked, id=21924, stack(0x000000bb03b00000,0x000000bb03c00000) (1024K)]
=>0x000002af5e4cda20 JavaThread "C2 CompilerThread0"         daemon [_thread_in_native, id=25760, stack(0x000000bb03c00000,0x000000bb03d00000) (1024K)]
  0x000002af5e4d2770 JavaThread "C1 CompilerThread0"         daemon [_thread_blocked, id=17692, stack(0x000000bb03d00000,0x000000bb03e00000) (1024K)]
  0x000002af5e4d05c0 JavaThread "Common-Cleaner"             daemon [_thread_blocked, id=25940, stack(0x000000bb03e00000,0x000000bb03f00000) (1024K)]
  0x000002af5e4d0d90 JavaThread "Notification Thread"        daemon [_thread_blocked, id=21336, stack(0x000000bb03f00000,0x000000bb04000000) (1024K)]
  0x000002af5e4ce680 JavaThread "Java2D Disposer"            daemon [_thread_blocked, id=19016, stack(0x000000bb04000000,0x000000bb04100000) (1024K)]
  0x000002af65418160 JavaThread "AWT-Shutdown"                      [_thread_blocked, id=26380, stack(0x000000bb04100000,0x000000bb04200000) (1024K)]
  0x000002af65419100 JavaThread "AWT-Windows"                daemon [_thread_in_native, id=19248, stack(0x000000bb04200000,0x000000bb04300000) (1024K)]
  0x000002af6541a870 JavaThread "AWT-EventQueue-0"                  [_thread_blocked, id=1932, stack(0x000000bb04300000,0x000000bb04400000) (1024K)]
  0x000002af6541b810 JavaThread "DestroyJavaVM"                     [_thread_blocked, id=18796, stack(0x000000bb02e00000,0x000000bb02f00000) (1024K)]
  0x000002af6541bfe0 JavaThread "TimerQueue"                 daemon [_thread_blocked, id=11476, stack(0x000000bb04700000,0x000000bb04800000) (1024K)]
Total: 16

Other Threads:
  0x000002af5e497fb0 VMThread "VM Thread"                           [id=4672, stack(0x000000bb03500000,0x000000bb03600000) (1024K)]
  0x000002af5e364090 WatcherThread "VM Periodic Task Thread"        [id=14496, stack(0x000000bb03400000,0x000000bb03500000) (1024K)]
  0x000002af3f76a900 WorkerThread "GC Thread#0"                     [id=25332, stack(0x000000bb02f00000,0x000000bb03000000) (1024K)]
  0x000002af5e342b80 ConcurrentGCThread "G1 Main Marker"            [id=12012, stack(0x000000bb03000000,0x000000bb03100000) (1024K)]
  0x000002af3f780f20 WorkerThread "G1 Conc#0"                       [id=1248, stack(0x000000bb03100000,0x000000bb03200000) (1024K)]
  0x000002af5e356490 ConcurrentGCThread "G1 Refine#0"               [id=8852, stack(0x000000bb03200000,0x000000bb03300000) (1024K)]
  0x000002af5e356fa0 ConcurrentGCThread "G1 Service"                [id=25100, stack(0x000000bb03300000,0x000000bb03400000) (1024K)]
Total: 7

Threads with active compile tasks:
C2 CompilerThread0  1870773 2629       4       sun.awt.SunToolkit::postEvent (147 bytes)
Total: 1

VM state: not at safepoint (normal execution)

VM Mutex/Monitor currently owned by a thread: None

Heap address: 0x0000000702600000, size: 4058 MB, Compressed Oops mode: Zero based, Oop shift amount: 3

CDS archive(s) mapped at: [0x000000002f000000-0x000000002fdd0000-0x000000002fdd0000), size 14483456, SharedBaseAddress: 0x000000002f000000, ArchiveRelocationMode: 1.
Compressed class space mapped at: 0x0000000030000000-0x0000000070000000, reserved size: 1073741824
UseCompressedClassPointers 1, UseCompactObjectHeaders 0
Narrow klass pointer bits 32, Max shift 3
Narrow klass base: 0x000000002f000000, Narrow klass shift: 0
Encoding Range: [0x000000002f000000 - 0x000000012f000000), (4294967296 bytes)
Klass Range:    [0x000000002f010000 - 0x0000000070000000), (1090453504 bytes)
Klass ID Range:  [65536 - 1090519033) (1090453497)
Protection zone: [0x000000002f000000 - 0x000000002f010000), (65536 bytes)

GC Precious Log:
 CardTable entry size: 512
 Card Set container configuration: InlinePtr #cards 4 size 8 Array Of Cards #cards 16 size 48 Howl #buckets 8 coarsen threshold 3686 Howl Bitmap #cards 512 size 80 coarsen threshold 460 Card regions per heap region 1 cards per card region 4096
 CPUs: 8 total, 8 available
 Memory: 16227M
 Large Page Support: Disabled
 NUMA Support: Disabled
 Compressed Oops: Enabled (Zero based)
 Heap Region Size: 2M
 Heap Min Capacity: 8M
 Heap Initial Capacity: 254M
 Heap Max Capacity: 4058M
 Pre-touch: Disabled
 Parallel Workers: 8
 Concurrent Workers: 2
 Concurrent Refinement Workers: 8
 Periodic GC: Disabled

Heap:
 garbage-first heap   total reserved 4155392K, committed 262144K, used 29845K [0x0000000702600000, 0x0000000800000000)
  region size 2048K, 13 young (26624K), 0 survivors (0K)

Heap Regions: E=young(eden), S=young(survivor), O=old, HS=humongous(starts), HC=humongous(continues), CS=collection set, F=free, TAMS=top-at-mark-start, PB=parsable bottom
|   0|0x0000000702600000, 0x0000000702800000, 0x0000000702800000|100%|HS|  |TAMS 0x0000000702600000| PB 0x0000000702600000| Complete |  0
|   1|0x0000000702800000, 0x0000000702a00000, 0x0000000702a00000|100%|HC|  |TAMS 0x0000000702800000| PB 0x0000000702800000| Complete |  0
|   2|0x0000000702a00000, 0x0000000702a00000, 0x0000000702c00000|  0%| F|  |TAMS 0x0000000702a00000| PB 0x0000000702a00000| Untracked |  0
|   3|0x0000000702c00000, 0x0000000702c00000, 0x0000000702e00000|  0%| F|  |TAMS 0x0000000702c00000| PB 0x0000000702c00000| Untracked |  0
|   4|0x0000000702e00000, 0x0000000702e00000, 0x0000000703000000|  0%| F|  |TAMS 0x0000000702e00000| PB 0x0000000702e00000| Untracked |  0
|   5|0x0000000703000000, 0x0000000703000000, 0x0000000703200000|  0%| F|  |TAMS 0x0000000703000000| PB 0x0000000703000000| Untracked |  0
|   6|0x0000000703200000, 0x0000000703200000, 0x0000000703400000|  0%| F|  |TAMS 0x0000000703200000| PB 0x0000000703200000| Untracked |  0
|   7|0x0000000703400000, 0x0000000703400000, 0x0000000703600000|  0%| F|  |TAMS 0x0000000703400000| PB 0x0000000703400000| Untracked |  0
|   8|0x0000000703600000, 0x0000000703600000, 0x0000000703800000|  0%| F|  |TAMS 0x0000000703600000| PB 0x0000000703600000| Untracked |  0
|   9|0x0000000703800000, 0x0000000703800000, 0x0000000703a00000|  0%| F|  |TAMS 0x0000000703800000| PB 0x0000000703800000| Untracked |  0
|  10|0x0000000703a00000, 0x0000000703a00000, 0x0000000703c00000|  0%| F|  |TAMS 0x0000000703a00000| PB 0x0000000703a00000| Untracked |  0
|  11|0x0000000703c00000, 0x0000000703c00000, 0x0000000703e00000|  0%| F|  |TAMS 0x0000000703c00000| PB 0x0000000703c00000| Untracked |  0
|  12|0x0000000703e00000, 0x0000000703e00000, 0x0000000704000000|  0%| F|  |TAMS 0x0000000703e00000| PB 0x0000000703e00000| Untracked |  0
|  13|0x0000000704000000, 0x0000000704000000, 0x0000000704200000|  0%| F|  |TAMS 0x0000000704000000| PB 0x0000000704000000| Untracked |  0
|  14|0x0000000704200000, 0x0000000704200000, 0x0000000704400000|  0%| F|  |TAMS 0x0000000704200000| PB 0x0000000704200000| Untracked |  0
|  15|0x0000000704400000, 0x0000000704400000, 0x0000000704600000|  0%| F|  |TAMS 0x0000000704400000| PB 0x0000000704400000| Untracked |  0
|  16|0x0000000704600000, 0x0000000704600000, 0x0000000704800000|  0%| F|  |TAMS 0x0000000704600000| PB 0x0000000704600000| Untracked |  0
|  17|0x0000000704800000, 0x0000000704800000, 0x0000000704a00000|  0%| F|  |TAMS 0x0000000704800000| PB 0x0000000704800000| Untracked |  0
|  18|0x0000000704a00000, 0x0000000704a00000, 0x0000000704c00000|  0%| F|  |TAMS 0x0000000704a00000| PB 0x0000000704a00000| Untracked |  0
|  19|0x0000000704c00000, 0x0000000704c00000, 0x0000000704e00000|  0%| F|  |TAMS 0x0000000704c00000| PB 0x0000000704c00000| Untracked |  0
|  20|0x0000000704e00000, 0x0000000704e00000, 0x0000000705000000|  0%| F|  |TAMS 0x0000000704e00000| PB 0x0000000704e00000| Untracked |  0
|  21|0x0000000705000000, 0x0000000705000000, 0x0000000705200000|  0%| F|  |TAMS 0x0000000705000000| PB 0x0000000705000000| Untracked |  0
|  22|0x0000000705200000, 0x0000000705200000, 0x0000000705400000|  0%| F|  |TAMS 0x0000000705200000| PB 0x0000000705200000| Untracked |  0
|  23|0x0000000705400000, 0x0000000705400000, 0x0000000705600000|  0%| F|  |TAMS 0x0000000705400000| PB 0x0000000705400000| Untracked |  0
|  24|0x0000000705600000, 0x0000000705600000, 0x0000000705800000|  0%| F|  |TAMS 0x0000000705600000| PB 0x0000000705600000| Untracked |  0
|  25|0x0000000705800000, 0x0000000705800000, 0x0000000705a00000|  0%| F|  |TAMS 0x0000000705800000| PB 0x0000000705800000| Untracked |  0
|  26|0x0000000705a00000, 0x0000000705a00000, 0x0000000705c00000|  0%| F|  |TAMS 0x0000000705a00000| PB 0x0000000705a00000| Untracked |  0
|  27|0x0000000705c00000, 0x0000000705c00000, 0x0000000705e00000|  0%| F|  |TAMS 0x0000000705c00000| PB 0x0000000705c00000| Untracked |  0
|  28|0x0000000705e00000, 0x0000000705e00000, 0x0000000706000000|  0%| F|  |TAMS 0x0000000705e00000| PB 0x0000000705e00000| Untracked |  0
|  29|0x0000000706000000, 0x0000000706000000, 0x0000000706200000|  0%| F|  |TAMS 0x0000000706000000| PB 0x0000000706000000| Untracked |  0
|  30|0x0000000706200000, 0x0000000706200000, 0x0000000706400000|  0%| F|  |TAMS 0x0000000706200000| PB 0x0000000706200000| Untracked |  0
|  31|0x0000000706400000, 0x0000000706400000, 0x0000000706600000|  0%| F|  |TAMS 0x0000000706400000| PB 0x0000000706400000| Untracked |  0
|  32|0x0000000706600000, 0x0000000706600000, 0x0000000706800000|  0%| F|  |TAMS 0x0000000706600000| PB 0x0000000706600000| Untracked |  0
|  33|0x0000000706800000, 0x0000000706800000, 0x0000000706a00000|  0%| F|  |TAMS 0x0000000706800000| PB 0x0000000706800000| Untracked |  0
|  34|0x0000000706a00000, 0x0000000706a00000, 0x0000000706c00000|  0%| F|  |TAMS 0x0000000706a00000| PB 0x0000000706a00000| Untracked |  0
|  35|0x0000000706c00000, 0x0000000706c00000, 0x0000000706e00000|  0%| F|  |TAMS 0x0000000706c00000| PB 0x0000000706c00000| Untracked |  0
|  36|0x0000000706e00000, 0x0000000706e00000, 0x0000000707000000|  0%| F|  |TAMS 0x0000000706e00000| PB 0x0000000706e00000| Untracked |  0
|  37|0x0000000707000000, 0x0000000707000000, 0x0000000707200000|  0%| F|  |TAMS 0x0000000707000000| PB 0x0000000707000000| Untracked |  0
|  38|0x0000000707200000, 0x0000000707200000, 0x0000000707400000|  0%| F|  |TAMS 0x0000000707200000| PB 0x0000000707200000| Untracked |  0
|  39|0x0000000707400000, 0x0000000707400000, 0x0000000707600000|  0%| F|  |TAMS 0x0000000707400000| PB 0x0000000707400000| Untracked |  0
|  40|0x0000000707600000, 0x0000000707600000, 0x0000000707800000|  0%| F|  |TAMS 0x0000000707600000| PB 0x0000000707600000| Untracked |  0
|  41|0x0000000707800000, 0x0000000707800000, 0x0000000707a00000|  0%| F|  |TAMS 0x0000000707800000| PB 0x0000000707800000| Untracked |  0
|  42|0x0000000707a00000, 0x0000000707a00000, 0x0000000707c00000|  0%| F|  |TAMS 0x0000000707a00000| PB 0x0000000707a00000| Untracked |  0
|  43|0x0000000707c00000, 0x0000000707c00000, 0x0000000707e00000|  0%| F|  |TAMS 0x0000000707c00000| PB 0x0000000707c00000| Untracked |  0
|  44|0x0000000707e00000, 0x0000000707e00000, 0x0000000708000000|  0%| F|  |TAMS 0x0000000707e00000| PB 0x0000000707e00000| Untracked |  0
|  45|0x0000000708000000, 0x0000000708000000, 0x0000000708200000|  0%| F|  |TAMS 0x0000000708000000| PB 0x0000000708000000| Untracked |  0
|  46|0x0000000708200000, 0x0000000708200000, 0x0000000708400000|  0%| F|  |TAMS 0x0000000708200000| PB 0x0000000708200000| Untracked |  0
|  47|0x0000000708400000, 0x0000000708400000, 0x0000000708600000|  0%| F|  |TAMS 0x0000000708400000| PB 0x0000000708400000| Untracked |  0
|  48|0x0000000708600000, 0x0000000708600000, 0x0000000708800000|  0%| F|  |TAMS 0x0000000708600000| PB 0x0000000708600000| Untracked |  0
|  49|0x0000000708800000, 0x0000000708800000, 0x0000000708a00000|  0%| F|  |TAMS 0x0000000708800000| PB 0x0000000708800000| Untracked |  0
|  50|0x0000000708a00000, 0x0000000708a00000, 0x0000000708c00000|  0%| F|  |TAMS 0x0000000708a00000| PB 0x0000000708a00000| Untracked |  0
|  51|0x0000000708c00000, 0x0000000708c00000, 0x0000000708e00000|  0%| F|  |TAMS 0x0000000708c00000| PB 0x0000000708c00000| Untracked |  0
|  52|0x0000000708e00000, 0x0000000708e00000, 0x0000000709000000|  0%| F|  |TAMS 0x0000000708e00000| PB 0x0000000708e00000| Untracked |  0
|  53|0x0000000709000000, 0x0000000709000000, 0x0000000709200000|  0%| F|  |TAMS 0x0000000709000000| PB 0x0000000709000000| Untracked |  0
|  54|0x0000000709200000, 0x0000000709200000, 0x0000000709400000|  0%| F|  |TAMS 0x0000000709200000| PB 0x0000000709200000| Untracked |  0
|  55|0x0000000709400000, 0x0000000709400000, 0x0000000709600000|  0%| F|  |TAMS 0x0000000709400000| PB 0x0000000709400000| Untracked |  0
|  56|0x0000000709600000, 0x0000000709600000, 0x0000000709800000|  0%| F|  |TAMS 0x0000000709600000| PB 0x0000000709600000| Untracked |  0
|  57|0x0000000709800000, 0x0000000709800000, 0x0000000709a00000|  0%| F|  |TAMS 0x0000000709800000| PB 0x0000000709800000| Untracked |  0
|  58|0x0000000709a00000, 0x0000000709a00000, 0x0000000709c00000|  0%| F|  |TAMS 0x0000000709a00000| PB 0x0000000709a00000| Untracked |  0
|  59|0x0000000709c00000, 0x0000000709c00000, 0x0000000709e00000|  0%| F|  |TAMS 0x0000000709c00000| PB 0x0000000709c00000| Untracked |  0
|  60|0x0000000709e00000, 0x0000000709e00000, 0x000000070a000000|  0%| F|  |TAMS 0x0000000709e00000| PB 0x0000000709e00000| Untracked |  0
|  61|0x000000070a000000, 0x000000070a000000, 0x000000070a200000|  0%| F|  |TAMS 0x000000070a000000| PB 0x000000070a000000| Untracked |  0
|  62|0x000000070a200000, 0x000000070a200000, 0x000000070a400000|  0%| F|  |TAMS 0x000000070a200000| PB 0x000000070a200000| Untracked |  0
|  63|0x000000070a400000, 0x000000070a400000, 0x000000070a600000|  0%| F|  |TAMS 0x000000070a400000| PB 0x000000070a400000| Untracked |  0
|  64|0x000000070a600000, 0x000000070a600000, 0x000000070a800000|  0%| F|  |TAMS 0x000000070a600000| PB 0x000000070a600000| Untracked |  0
|  65|0x000000070a800000, 0x000000070a800000, 0x000000070aa00000|  0%| F|  |TAMS 0x000000070a800000| PB 0x000000070a800000| Untracked |  0
|  66|0x000000070aa00000, 0x000000070aa00000, 0x000000070ac00000|  0%| F|  |TAMS 0x000000070aa00000| PB 0x000000070aa00000| Untracked |  0
|  67|0x000000070ac00000, 0x000000070ac00000, 0x000000070ae00000|  0%| F|  |TAMS 0x000000070ac00000| PB 0x000000070ac00000| Untracked |  0
|  68|0x000000070ae00000, 0x000000070ae00000, 0x000000070b000000|  0%| F|  |TAMS 0x000000070ae00000| PB 0x000000070ae00000| Untracked |  0
|  69|0x000000070b000000, 0x000000070b000000, 0x000000070b200000|  0%| F|  |TAMS 0x000000070b000000| PB 0x000000070b000000| Untracked |  0
|  70|0x000000070b200000, 0x000000070b200000, 0x000000070b400000|  0%| F|  |TAMS 0x000000070b200000| PB 0x000000070b200000| Untracked |  0
|  71|0x000000070b400000, 0x000000070b400000, 0x000000070b600000|  0%| F|  |TAMS 0x000000070b400000| PB 0x000000070b400000| Untracked |  0
|  72|0x000000070b600000, 0x000000070b600000, 0x000000070b800000|  0%| F|  |TAMS 0x000000070b600000| PB 0x000000070b600000| Untracked |  0
|  73|0x000000070b800000, 0x000000070b800000, 0x000000070ba00000|  0%| F|  |TAMS 0x000000070b800000| PB 0x000000070b800000| Untracked |  0
|  74|0x000000070ba00000, 0x000000070ba00000, 0x000000070bc00000|  0%| F|  |TAMS 0x000000070ba00000| PB 0x000000070ba00000| Untracked |  0
|  75|0x000000070bc00000, 0x000000070bc00000, 0x000000070be00000|  0%| F|  |TAMS 0x000000070bc00000| PB 0x000000070bc00000| Untracked |  0
|  76|0x000000070be00000, 0x000000070be00000, 0x000000070c000000|  0%| F|  |TAMS 0x000000070be00000| PB 0x000000070be00000| Untracked |  0
|  77|0x000000070c000000, 0x000000070c000000, 0x000000070c200000|  0%| F|  |TAMS 0x000000070c000000| PB 0x000000070c000000| Untracked |  0
|  78|0x000000070c200000, 0x000000070c200000, 0x000000070c400000|  0%| F|  |TAMS 0x000000070c200000| PB 0x000000070c200000| Untracked |  0
|  79|0x000000070c400000, 0x000000070c400000, 0x000000070c600000|  0%| F|  |TAMS 0x000000070c400000| PB 0x000000070c400000| Untracked |  0
|  80|0x000000070c600000, 0x000000070c600000, 0x000000070c800000|  0%| F|  |TAMS 0x000000070c600000| PB 0x000000070c600000| Untracked |  0
|  81|0x000000070c800000, 0x000000070c800000, 0x000000070ca00000|  0%| F|  |TAMS 0x000000070c800000| PB 0x000000070c800000| Untracked |  0
|  82|0x000000070ca00000, 0x000000070ca00000, 0x000000070cc00000|  0%| F|  |TAMS 0x000000070ca00000| PB 0x000000070ca00000| Untracked |  0
|  83|0x000000070cc00000, 0x000000070cc00000, 0x000000070ce00000|  0%| F|  |TAMS 0x000000070cc00000| PB 0x000000070cc00000| Untracked |  0
|  84|0x000000070ce00000, 0x000000070ce00000, 0x000000070d000000|  0%| F|  |TAMS 0x000000070ce00000| PB 0x000000070ce00000| Untracked |  0
|  85|0x000000070d000000, 0x000000070d000000, 0x000000070d200000|  0%| F|  |TAMS 0x000000070d000000| PB 0x000000070d000000| Untracked |  0
|  86|0x000000070d200000, 0x000000070d200000, 0x000000070d400000|  0%| F|  |TAMS 0x000000070d200000| PB 0x000000070d200000| Untracked |  0
|  87|0x000000070d400000, 0x000000070d400000, 0x000000070d600000|  0%| F|  |TAMS 0x000000070d400000| PB 0x000000070d400000| Untracked |  0
|  88|0x000000070d600000, 0x000000070d600000, 0x000000070d800000|  0%| F|  |TAMS 0x000000070d600000| PB 0x000000070d600000| Untracked |  0
|  89|0x000000070d800000, 0x000000070d800000, 0x000000070da00000|  0%| F|  |TAMS 0x000000070d800000| PB 0x000000070d800000| Untracked |  0
|  90|0x000000070da00000, 0x000000070da00000, 0x000000070dc00000|  0%| F|  |TAMS 0x000000070da00000| PB 0x000000070da00000| Untracked |  0
|  91|0x000000070dc00000, 0x000000070dc00000, 0x000000070de00000|  0%| F|  |TAMS 0x000000070dc00000| PB 0x000000070dc00000| Untracked |  0
|  92|0x000000070de00000, 0x000000070de00000, 0x000000070e000000|  0%| F|  |TAMS 0x000000070de00000| PB 0x000000070de00000| Untracked |  0
|  93|0x000000070e000000, 0x000000070e000000, 0x000000070e200000|  0%| F|  |TAMS 0x000000070e000000| PB 0x000000070e000000| Untracked |  0
|  94|0x000000070e200000, 0x000000070e200000, 0x000000070e400000|  0%| F|  |TAMS 0x000000070e200000| PB 0x000000070e200000| Untracked |  0
|  95|0x000000070e400000, 0x000000070e400000, 0x000000070e600000|  0%| F|  |TAMS 0x000000070e400000| PB 0x000000070e400000| Untracked |  0
|  96|0x000000070e600000, 0x000000070e600000, 0x000000070e800000|  0%| F|  |TAMS 0x000000070e600000| PB 0x000000070e600000| Untracked |  0
|  97|0x000000070e800000, 0x000000070e800000, 0x000000070ea00000|  0%| F|  |TAMS 0x000000070e800000| PB 0x000000070e800000| Untracked |  0
|  98|0x000000070ea00000, 0x000000070ea00000, 0x000000070ec00000|  0%| F|  |TAMS 0x000000070ea00000| PB 0x000000070ea00000| Untracked |  0
|  99|0x000000070ec00000, 0x000000070ec00000, 0x000000070ee00000|  0%| F|  |TAMS 0x000000070ec00000| PB 0x000000070ec00000| Untracked |  0
| 100|0x000000070ee00000, 0x000000070ee00000, 0x000000070f000000|  0%| F|  |TAMS 0x000000070ee00000| PB 0x000000070ee00000| Untracked |  0
| 101|0x000000070f000000, 0x000000070f000000, 0x000000070f200000|  0%| F|  |TAMS 0x000000070f000000| PB 0x000000070f000000| Untracked |  0
| 102|0x000000070f200000, 0x000000070f200000, 0x000000070f400000|  0%| F|  |TAMS 0x000000070f200000| PB 0x000000070f200000| Untracked |  0
| 103|0x000000070f400000, 0x000000070f400000, 0x000000070f600000|  0%| F|  |TAMS 0x000000070f400000| PB 0x000000070f400000| Untracked |  0
| 104|0x000000070f600000, 0x000000070f600000, 0x000000070f800000|  0%| F|  |TAMS 0x000000070f600000| PB 0x000000070f600000| Untracked |  0
| 105|0x000000070f800000, 0x000000070f800000, 0x000000070fa00000|  0%| F|  |TAMS 0x000000070f800000| PB 0x000000070f800000| Untracked |  0
| 106|0x000000070fa00000, 0x000000070fa00000, 0x000000070fc00000|  0%| F|  |TAMS 0x000000070fa00000| PB 0x000000070fa00000| Untracked |  0
| 107|0x000000070fc00000, 0x000000070fc00000, 0x000000070fe00000|  0%| F|  |TAMS 0x000000070fc00000| PB 0x000000070fc00000| Untracked |  0
| 108|0x000000070fe00000, 0x000000070fe00000, 0x0000000710000000|  0%| F|  |TAMS 0x000000070fe00000| PB 0x000000070fe00000| Untracked |  0
| 109|0x0000000710000000, 0x0000000710000000, 0x0000000710200000|  0%| F|  |TAMS 0x0000000710000000| PB 0x0000000710000000| Untracked |  0
| 110|0x0000000710200000, 0x0000000710200000, 0x0000000710400000|  0%| F|  |TAMS 0x0000000710200000| PB 0x0000000710200000| Untracked |  0
| 111|0x0000000710400000, 0x0000000710400000, 0x0000000710600000|  0%| F|  |TAMS 0x0000000710400000| PB 0x0000000710400000| Untracked |  0
| 112|0x0000000710600000, 0x0000000710600000, 0x0000000710800000|  0%| F|  |TAMS 0x0000000710600000| PB 0x0000000710600000| Untracked |  0
| 113|0x0000000710800000, 0x0000000710800000, 0x0000000710a00000|  0%| F|  |TAMS 0x0000000710800000| PB 0x0000000710800000| Untracked |  0
| 114|0x0000000710a00000, 0x0000000710af82f8, 0x0000000710c00000| 48%| E|  |TAMS 0x0000000710a00000| PB 0x0000000710a00000| Complete |  0
| 115|0x0000000710c00000, 0x0000000710e00000, 0x0000000710e00000|100%| E|CS|TAMS 0x0000000710c00000| PB 0x0000000710c00000| Complete |  0
| 116|0x0000000710e00000, 0x0000000711000000, 0x0000000711000000|100%| E|CS|TAMS 0x0000000710e00000| PB 0x0000000710e00000| Complete |  0
| 117|0x0000000711000000, 0x0000000711200000, 0x0000000711200000|100%| E|CS|TAMS 0x0000000711000000| PB 0x0000000711000000| Complete |  0
| 118|0x0000000711200000, 0x0000000711400000, 0x0000000711400000|100%| E|CS|TAMS 0x0000000711200000| PB 0x0000000711200000| Complete |  0
| 119|0x0000000711400000, 0x0000000711600000, 0x0000000711600000|100%| E|CS|TAMS 0x0000000711400000| PB 0x0000000711400000| Complete |  0
| 120|0x0000000711600000, 0x0000000711800000, 0x0000000711800000|100%| E|CS|TAMS 0x0000000711600000| PB 0x0000000711600000| Complete |  0
| 121|0x0000000711800000, 0x0000000711a00000, 0x0000000711a00000|100%| E|CS|TAMS 0x0000000711800000| PB 0x0000000711800000| Complete |  0
| 122|0x0000000711a00000, 0x0000000711c00000, 0x0000000711c00000|100%| E|CS|TAMS 0x0000000711a00000| PB 0x0000000711a00000| Complete |  0
| 123|0x0000000711c00000, 0x0000000711e00000, 0x0000000711e00000|100%| E|CS|TAMS 0x0000000711c00000| PB 0x0000000711c00000| Complete |  0
| 124|0x0000000711e00000, 0x0000000712000000, 0x0000000712000000|100%| E|CS|TAMS 0x0000000711e00000| PB 0x0000000711e00000| Complete |  0
| 125|0x0000000712000000, 0x0000000712200000, 0x0000000712200000|100%| E|CS|TAMS 0x0000000712000000| PB 0x0000000712000000| Complete |  0
| 126|0x0000000712200000, 0x0000000712400000, 0x0000000712400000|100%| E|CS|TAMS 0x0000000712200000| PB 0x0000000712200000| Complete |  0
|2028|0x00000007ffe00000, 0x00000007fff256a0, 0x0000000800000000| 57%| O|  |TAMS 0x00000007ffe00000| PB 0x00000007ffe00000| Untracked |  0

Card table byte_map: [0x000002af59b10000,0x000002af5a300000] _byte_map_base: 0x000002af562fd000

Marking Bits: (CMBitMap*) 0x000002af3f76b090
 Bits: [0x000002af5a300000, 0x000002af5e268000)

Polling page: 0x000002af3f7e0000

Metaspace:
Metaspace        used 12062K, committed 12288K, reserved 1114112K
 class space     used 1064K, committed 1152K, reserved 1048576K

Usage:
  Non-class:     10.74 MB used.
      Class:      1.04 MB used.
       Both:     11.78 MB used.

Virtual space:
  Non-class space:       64.00 MB reserved,      10.88 MB ( 17%) committed,  1 nodes.
      Class space:        1.00 GB reserved,       1.12 MB ( <1%) committed,  1 nodes.
             Both:        1.06 GB reserved,      12.00 MB (  1%) committed. 

Chunk freelists:
   Non-Class:  5.00 MB
       Class:  14.71 MB
        Both:  19.71 MB

MaxMetaspaceSize: unlimited
CompressedClassSpaceSize: 1.00 GB
Initial GC threshold: 21.00 MB
Current GC threshold: 21.00 MB
CDS: on
 - commit_granule_bytes: 65536.
 - commit_granule_words: 8192.
 - virtual_space_node_default_size: 8388608.
 - enlarge_chunks_in_place: 1.
UseCompressedClassPointers 1, UseCompactObjectHeaders 0
Narrow klass pointer bits 32, Max shift 3
Narrow klass base: 0x000000002f000000, Narrow klass shift: 0
Encoding Range: [0x000000002f000000 - 0x000000012f000000), (4294967296 bytes)
Klass Range:    [0x000000002f010000 - 0x0000000070000000), (1090453504 bytes)
Klass ID Range:  [65536 - 1090519033) (1090453497)
Protection zone: [0x000000002f000000 - 0x000000002f010000), (65536 bytes)


Internal statistics:

num_allocs_failed_limit: 0.
num_arena_births: 116.
num_arena_deaths: 0.
num_vsnodes_births: 2.
num_vsnodes_deaths: 0.
num_space_committed: 192.
num_space_uncommitted: 0.
num_chunks_returned_to_freelist: 0.
num_chunks_taken_from_freelist: 183.
num_chunk_merges: 0.
num_chunk_splits: 114.
num_chunks_enlarged: 73.
num_inconsistent_stats: 0.

CodeHeap 'non-profiled nmethods': size=120064Kb used=756Kb max_used=756Kb free=119307Kb
 bounds [0x000002af51370000, 0x000002af515e0000, 0x000002af588b0000]
CodeHeap 'profiled nmethods': size=120000Kb used=3878Kb max_used=3878Kb free=116121Kb
 bounds [0x000002af498b0000, 0x000002af49c80000, 0x000002af50de0000]
CodeHeap 'non-nmethods': size=5696Kb used=1546Kb max_used=1601Kb free=4149Kb
 bounds [0x000002af50de0000, 0x000002af51050000, 0x000002af51370000]
CodeCache: size=245760Kb, used=6180Kb, max_used=6235Kb, free=239577Kb
 total_blobs=3304, nmethods=2628, adapters=578, full_count=0
Compilation: enabled, stopped_count=0, restarted_count=0

Compilation events (20 events):
Event: 658.954 Thread 0x000002af5e4d2770 nmethod 2619 0x000002af49c77d88 code [0x000002af49c77e80, 0x000002af49c77f98]
Event: 658.954 Thread 0x000002af5e4d2770 2620       3       java.awt.geom.RectangularShape::getBounds (100 bytes)
Event: 658.955 Thread 0x000002af5e4d2770 nmethod 2620 0x000002af49c78088 code [0x000002af49c78180, 0x000002af49c78c30]
Event: 659.464 Thread 0x000002af5e4cda20 2621       4       java.awt.event.MouseEvent::<init> (211 bytes)
Event: 659.470 Thread 0x000002af5e4cda20 nmethod 2621 0x000002af5142c408 code [0x000002af5142c500, 0x000002af5142ca60]
Event: 659.528 Thread 0x000002af5e4cda20 2622       4       java.util.concurrent.locks.LockSupport::setCurrentBlocker (14 bytes)
Event: 659.529 Thread 0x000002af5e4cda20 nmethod 2622 0x000002af5142ca88 code [0x000002af5142cb80, 0x000002af5142ccf8]
Event: 660.726 Thread 0x000002af5e4d2770 2623       3       java.lang.String::<init> (10 bytes)
Event: 660.726 Thread 0x000002af5e4d2770 nmethod 2623 0x000002af49c78c88 code [0x000002af49c78d80, 0x000002af49c78ed0]
Event: 1866.081 Thread 0x000002af5e4cda20 2626       4       java.awt.Rectangle::<init> (26 bytes)
Event: 1866.081 Thread 0x000002af5e4d2770 2624       3       java.awt.Component::getSize (5 bytes)
Event: 1866.082 Thread 0x000002af5e4d2770 nmethod 2624 0x000002af49c78f88 code [0x000002af49c79080, 0x000002af49c793e0]
Event: 1866.082 Thread 0x000002af5e4d2770 2625       3       java.awt.Component::size (16 bytes)
Event: 1866.082 Thread 0x000002af5e4d2770 nmethod 2625 0x000002af49c79408 code [0x000002af49c79500, 0x000002af49c79788]
Event: 1866.082 Thread 0x000002af5e4cda20 nmethod 2626 0x000002af5142cd88 code [0x000002af5142ce80, 0x000002af5142cf00]
Event: 1869.919 Thread 0x000002af5e4d2770 2627       3       javax.swing.text.FieldView::modelToView (12 bytes)
Event: 1869.920 Thread 0x000002af5e4d2770 nmethod 2627 0x000002af49c79808 code [0x000002af49c79900, 0x000002af49c79ab8]
Event: 1869.935 Thread 0x000002af5e4cda20 2628       4       sun.java2d.pipe.Region::clipScale (41 bytes)
Event: 1869.937 Thread 0x000002af5e4cda20 nmethod 2628 0x000002af5142d088 code [0x000002af5142d1a0, 0x000002af5142d378]
Event: 1870.265 Thread 0x000002af5e4cda20 2629       4       sun.awt.SunToolkit::postEvent (147 bytes)

GC Heap Usage History (0 events):
No events

Metaspace Usage History (0 events):
No events

Dll operation events (8 events):
Event: 0.024 Loaded shared library C:\Program Files\Java\jdk-25\bin\java.dll
Event: 0.147 Loaded shared library C:\Program Files\Java\jdk-25\bin\net.dll
Event: 0.151 Loaded shared library C:\Program Files\Java\jdk-25\bin\nio.dll
Event: 0.201 Loaded shared library C:\Program Files\Java\jdk-25\bin\zip.dll
Event: 0.294 Loaded shared library C:\Program Files\Java\jdk-25\bin\jimage.dll
Event: 0.418 Loaded shared library C:\Program Files\Java\jdk-25\bin\awt.dll
Event: 0.790 Loaded shared library C:\Program Files\Java\jdk-25\bin\freetype.dll
Event: 0.792 Loaded shared library C:\Program Files\Java\jdk-25\bin\fontmanager.dll

Deoptimization events (20 events):
Event: 97.666 Thread 0x000002af6541a870 Uncommon trap: trap_request=0xffffff66 fr.pc=0x000002af514222bc relative=0x000000000000033c
Event: 97.666 Thread 0x000002af6541a870 Uncommon trap: reason=loop_limit_check action=maybe_recompile pc=0x000002af514222bc method=java.awt.EventDispatchThread.filterAndCheckEvent(Ljava/awt/AWTEvent;)Z @ 22 c2
Event: 97.666 Thread 0x000002af6541a870 DEOPT PACKING pc=0x000002af514222bc sp=0x000000bb043ff5d0
Event: 97.666 Thread 0x000002af6541a870 DEOPT UNPACKING pc=0x000002af50eff882 sp=0x000000bb043ff560 mode 2
Event: 98.652 Thread 0x000002af6541a870 Uncommon trap: trap_request=0xffffff45 fr.pc=0x000002af5141e390 relative=0x0000000000001e10
Event: 98.652 Thread 0x000002af6541a870 Uncommon trap: reason=unstable_if action=reinterpret pc=0x000002af5141e390 method=java.awt.LightweightDispatcher.processMouseEvent(Ljava/awt/event/MouseEvent;)Z @ 89 c2
Event: 98.652 Thread 0x000002af6541a870 DEOPT PACKING pc=0x000002af5141e390 sp=0x000000bb043ff510
Event: 98.652 Thread 0x000002af6541a870 DEOPT UNPACKING pc=0x000002af50eff882 sp=0x000000bb043ff418 mode 2
Event: 656.806 Thread 0x000002af65419100 Uncommon trap: trap_request=0xffffff45 fr.pc=0x000002af51412b28 relative=0x0000000000004b28
Event: 656.806 Thread 0x000002af65419100 Uncommon trap: reason=unstable_if action=reinterpret pc=0x000002af51412b28 method=sun.awt.PostEventQueue.flush()V @ 23 c2
Event: 656.806 Thread 0x000002af65419100 DEOPT PACKING pc=0x000002af51412b28 sp=0x000000bb042fc820
Event: 656.806 Thread 0x000002af65419100 DEOPT UNPACKING pc=0x000002af50eff882 sp=0x000000bb042fc848 mode 2
Event: 656.824 Thread 0x000002af6541a870 Uncommon trap: trap_request=0xffffff3d fr.pc=0x000002af513f4d8c relative=0x000000000000008c
Event: 656.824 Thread 0x000002af6541a870 Uncommon trap: reason=unstable_fused_if action=reinterpret pc=0x000002af513f4d8c method=java.awt.EventQueue.eventToCacheIndex(Ljava/awt/AWTEvent;)I @ 4 c2
Event: 656.824 Thread 0x000002af6541a870 DEOPT PACKING pc=0x000002af513f4d8c sp=0x000000bb043ff2b0
Event: 656.824 Thread 0x000002af6541a870 DEOPT UNPACKING pc=0x000002af50eff882 sp=0x000000bb043ff250 mode 2
Event: 656.848 Thread 0x000002af6541a870 Uncommon trap: trap_request=0xffffff3d fr.pc=0x000002af5142585c relative=0x000000000000335c
Event: 656.848 Thread 0x000002af6541a870 Uncommon trap: reason=unstable_fused_if action=reinterpret pc=0x000002af5142585c method=java.awt.EventQueue.eventToCacheIndex(Ljava/awt/AWTEvent;)I @ 4 c2
Event: 656.848 Thread 0x000002af6541a870 DEOPT PACKING pc=0x000002af5142585c sp=0x000000bb043ff620
Event: 656.848 Thread 0x000002af6541a870 DEOPT UNPACKING pc=0x000002af50eff882 sp=0x000000bb043ff468 mode 2

Classes loaded (20 events):
Event: 33.857 Loading class javax/swing/JDialog
Event: 33.858 Loading class javax/swing/JDialog done
Event: 33.859 Loading class javax/swing/JApplet
Event: 33.860 Loading class javax/swing/JApplet done
Event: 33.870 Loading class com/sun/java/swing/SwingUtilities3$UnscaledBorderPainter
Event: 33.871 Loading class com/sun/java/swing/SwingUtilities3$UnscaledBorderPainter done
Event: 33.873 Loading class java/awt/geom/RectIterator
Event: 33.873 Loading class java/awt/geom/RectIterator done
Event: 33.879 Loading class sun/awt/UngrabEvent
Event: 33.879 Loading class sun/awt/UngrabEvent done
Event: 35.601 Loading class javax/swing/event/CaretListener
Event: 35.601 Loading class javax/swing/event/CaretListener done
Event: 43.249 Loading class java/awt/KeyboardFocusManager$2
Event: 43.249 Loading class java/awt/KeyboardFocusManager$2 done
Event: 46.170 Loading class java/awt/event/MouseWheelEvent
Event: 46.170 Loading class java/awt/event/MouseWheelEvent done
Event: 80.436 Loading class javax/swing/plaf/BorderUIResource$LineBorderUIResource
Event: 80.436 Loading class javax/swing/plaf/BorderUIResource$LineBorderUIResource done
Event: 84.572 Loading class javax/swing/text/AbstractDocument$ElementEdit
Event: 84.572 Loading class javax/swing/text/AbstractDocument$ElementEdit done

Classes unloaded (0 events):
No events

Classes redefined (0 events):
No events

Internal exceptions (20 events):
Event: 0.536 Thread 0x000002af3f416a80 Exception <a 'java/lang/NoSuchMethodError'{0x0000000711d14398}: 'java.lang.Object java.lang.invoke.DirectMethodHandle$Holder.invokeStatic(java.lang.Object, long, java.lang.Object)'> (0x0000000711d14398) 
thrown [s\open\src\hotspot\share\interpreter\linkResolver.cpp, line 804]
Event: 0.537 Thread 0x000002af3f416a80 Exception <a 'java/lang/NoSuchMethodError'{0x0000000711d1c4e8}: 'java.lang.Object java.lang.invoke.DirectMethodHandle$Holder.invokeStaticInit(java.lang.Object, long, java.lang.Object)'> (0x0000000711d1c4e8) 
thrown [s\open\src\hotspot\share\interpreter\linkResolver.cpp, line 804]
Event: 0.539 Thread 0x000002af3f416a80 Exception <a 'java/lang/NoSuchMethodError'{0x0000000711d24cf8}: 'java.lang.Object java.lang.invoke.DirectMethodHandle$Holder.invokeStaticInit(java.lang.Object, long)'> (0x0000000711d24cf8) 
thrown [s\open\src\hotspot\share\interpreter\linkResolver.cpp, line 804]
Event: 0.569 Thread 0x000002af3f416a80 Exception <a 'java/lang/NoSuchMethodError'{0x0000000711d52a08}: 'void java.lang.invoke.DirectMethodHandle$Holder.invokeSpecial(java.lang.Object, java.lang.Object, java.lang.Object)'> (0x0000000711d52a08) 
thrown [s\open\src\hotspot\share\interpreter\linkResolver.cpp, line 804]
Event: 0.584 Thread 0x000002af3f416a80 Exception <a 'java/lang/NoSuchMethodError'{0x0000000711dc1b00}: 'java.lang.Object java.lang.invoke.DirectMethodHandle$Holder.newInvokeSpecial(java.lang.Object, java.lang.Object, java.lang.Object, java.lang.Object, java.lang.Object)'> (0x0000000711dc1b00) 
thrown [s\open\src\hotspot\share\interpreter\linkResolver.cpp, line 804]
Event: 0.596 Thread 0x000002af3f416a80 Exception <a 'java/lang/NoSuchMethodError'{0x0000000711a2a598}: 'java.lang.Object java.lang.invoke.DirectMethodHandle$Holder.invokeStatic(java.lang.Object, int, java.lang.Object)'> (0x0000000711a2a598) 
thrown [s\open\src\hotspot\share\interpreter\linkResolver.cpp, line 804]
Event: 0.651 Thread 0x000002af3f416a80 Exception <a 'java/lang/ClassNotFoundException'{0x0000000711859110}: com/sun/swing/internal/plaf/metal/resources/spi/metalProvider> (0x0000000711859110) 
thrown [s\open\src\hotspot\share\classfile\systemDictionary.cpp, line 327]
Event: 0.652 Thread 0x000002af3f416a80 Exception <a 'java/lang/ClassNotFoundException'{0x000000071185cb80}: com/sun/swing/internal/plaf/basic/resources/spi/basicProvider> (0x000000071185cb80) 
thrown [s\open\src\hotspot\share\classfile\systemDictionary.cpp, line 327]
Event: 0.666 Thread 0x000002af3f416a80 Exception <a 'java/lang/NoSuchMethodError'{0x00000007118822b8}: 'int java.lang.invoke.Invokers$Holder.invokeExact_MT(java.lang.Object, java.lang.Object)'> (0x00000007118822b8) 
thrown [s\open\src\hotspot\share\interpreter\linkResolver.cpp, line 804]
Event: 0.806 Thread 0x000002af3f416a80 Exception <a 'java/lang/NoSuchMethodError'{0x0000000711662858}: 'long java.lang.invoke.DirectMethodHandle$Holder.invokeStaticInit(java.lang.Object, long, long, long, long)'> (0x0000000711662858) 
thrown [s\open\src\hotspot\share\interpreter\linkResolver.cpp, line 804]
Event: 0.807 Thread 0x000002af3f416a80 Exception <a 'java/lang/NoSuchMethodError'{0x000000071166b2b8}: 'java.lang.Object java.lang.invoke.DirectMethodHandle$Holder.invokeInterface(java.lang.Object, java.lang.Object, long, long)'> (0x000000071166b2b8) 
thrown [s\open\src\hotspot\share\interpreter\linkResolver.cpp, line 804]
Event: 0.809 Thread 0x000002af3f416a80 Exception <a 'java/lang/NoSuchMethodError'{0x0000000711683a20}: 'void java.lang.invoke.DirectMethodHandle$Holder.invokeStaticInit(java.lang.Object, java.lang.Object, long, java.lang.Object)'> (0x0000000711683a20) 
thrown [s\open\src\hotspot\share\interpreter\linkResolver.cpp, line 804]
Event: 0.809 Thread 0x000002af3f416a80 Exception <a 'java/lang/NoSuchMethodError'{0x000000071168c658}: 'long java.lang.invoke.DirectMethodHandle$Holder.invokeStatic(java.lang.Object, long, long)'> (0x000000071168c658) 
thrown [s\open\src\hotspot\share\interpreter\linkResolver.cpp, line 804]
Event: 0.813 Thread 0x000002af3f416a80 Exception <a 'java/lang/NoSuchMethodError'{0x00000007116aebb0}: 'java.lang.Object java.lang.invoke.DirectMethodHandle$Holder.newInvokeSpecial(java.lang.Object, int, java.lang.Object)'> (0x00000007116aebb0) 
thrown [s\open\src\hotspot\share\interpreter\linkResolver.cpp, line 804]
Event: 0.863 Thread 0x000002af3f416a80 Exception <a 'java/lang/NoSuchMethodError'{0x000000071171afc8}: 'void java.lang.invoke.DelegatingMethodHandle$Holder.reinvoke_L(java.lang.Object, java.lang.Object, java.lang.Object, long, float)'> (0x000000071171afc8) 
thrown [s\open\src\hotspot\share\interpreter\linkResolver.cpp, line 804]
Event: 0.868 Thread 0x000002af3f416a80 Exception <a 'java/lang/NoSuchMethodError'{0x0000000711733228}: 'java.lang.Object java.lang.invoke.DirectMethodHandle$Holder.invokeStatic(java.lang.Object, java.lang.Object, java.lang.Object, java.lang.Object, long)'> (0x0000000711733228) 
thrown [s\open\src\hotspot\share\interpreter\linkResolver.cpp, line 804]
Event: 0.871 Thread 0x000002af3f416a80 Exception <a 'java/lang/NoSuchMethodError'{0x0000000711755570}: 'float java.lang.invoke.DelegatingMethodHandle$Holder.reinvoke_L(java.lang.Object, java.lang.Object, java.lang.Object, long)'> (0x0000000711755570) 
thrown [s\open\src\hotspot\share\interpreter\linkResolver.cpp, line 804]
Event: 0.921 Thread 0x000002af65419100 Exception <a 'java/lang/NoSuchMethodError'{0x0000000711c10130}: 'void java.lang.invoke.DirectMethodHandle$Holder.invokeVirtual(java.lang.Object, java.lang.Object)'> (0x0000000711c10130) 
thrown [s\open\src\hotspot\share\interpreter\linkResolver.cpp, line 804]
Event: 0.946 Thread 0x000002af3f416a80 Exception <a 'java/lang/NoSuchMethodError'{0x00000007117c0918}: 'void java.lang.invoke.DirectMethodHandle$Holder.invokeStaticInit(java.lang.Object)'> (0x00000007117c0918) 
thrown [s\open\src\hotspot\share\interpreter\linkResolver.cpp, line 804]
Event: 33.859 Thread 0x000002af6541a870 Implicit null exception at 0x000002af513e48ae to 0x000002af513e4945

VM Operations (20 events):
Event: 0.698 Executing non-safepoint VM operation: HandshakeAllThreads (Deoptimize)
Event: 0.698 Executing non-safepoint VM operation: HandshakeAllThreads (Deoptimize) done
Event: 1.199 Executing non-safepoint VM operation: HandshakeAllThreads (Deoptimize)
Event: 1.199 Executing non-safepoint VM operation: HandshakeAllThreads (Deoptimize) done
Event: 1.213 Executing non-safepoint VM operation: HandshakeAllThreads (Deoptimize)
Event: 1.213 Executing non-safepoint VM operation: HandshakeAllThreads (Deoptimize) done
Event: 33.858 Executing non-safepoint VM operation: HandshakeAllThreads (Deoptimize)
Event: 33.858 Executing non-safepoint VM operation: HandshakeAllThreads (Deoptimize) done
Event: 60.201 Executing non-safepoint VM operation: HandshakeAllThreads (HandshakeForDeflation)
Event: 60.201 Executing non-safepoint VM operation: HandshakeAllThreads (HandshakeForDeflation) done
Event: 60.201 Executing non-safepoint VM operation: RendezvousGCThreads
Event: 60.201 Executing non-safepoint VM operation: RendezvousGCThreads done
Event: 120.339 Executing non-safepoint VM operation: HandshakeAllThreads (HandshakeForDeflation)
Event: 120.339 Executing non-safepoint VM operation: HandshakeAllThreads (HandshakeForDeflation) done
Event: 120.339 Executing non-safepoint VM operation: RendezvousGCThreads
Event: 120.339 Executing non-safepoint VM operation: RendezvousGCThreads done
Event: 661.315 Executing non-safepoint VM operation: HandshakeAllThreads (HandshakeForDeflation)
Event: 661.315 Executing non-safepoint VM operation: HandshakeAllThreads (HandshakeForDeflation) done
Event: 661.315 Executing non-safepoint VM operation: RendezvousGCThreads
Event: 661.315 Executing non-safepoint VM operation: RendezvousGCThreads done

Memory protections (0 events):
No events

Nmethod flushes (0 events):
No events

Events (18 events):
Event: 0.050 Thread 0x000002af3f416a80 Thread added: 0x000002af3f416a80
Event: 0.076 Thread 0x000002af3f416a80 Thread added: 0x000002af5e4ab190
Event: 0.076 Thread 0x000002af3f416a80 Thread added: 0x000002af5e4abbf0
Event: 0.077 Thread 0x000002af3f416a80 Thread added: 0x000002af5e4ba2e0
Event: 0.077 Thread 0x000002af3f416a80 Thread added: 0x000002af5e4baea0
Event: 0.078 Thread 0x000002af3f416a80 Thread added: 0x000002af5e4bc400
Event: 0.078 Thread 0x000002af3f416a80 Thread added: 0x000002af5e4bfab0
Event: 0.078 Thread 0x000002af3f416a80 Thread added: 0x000002af5e4cda20
Event: 0.079 Thread 0x000002af3f416a80 Thread added: 0x000002af5e4d2770
Event: 0.143 Thread 0x000002af3f416a80 Thread added: 0x000002af5e4d05c0
Event: 0.187 Thread 0x000002af3f416a80 Thread added: 0x000002af5e4d0d90
Event: 0.509 Thread 0x000002af3f416a80 Thread added: 0x000002af5e4ce680
Event: 0.511 Thread 0x000002af3f416a80 Thread added: 0x000002af65418160
Event: 0.512 Thread 0x000002af3f416a80 Thread added: 0x000002af65419100
Event: 0.736 Thread 0x000002af3f416a80 Thread added: 0x000002af6541a870
Event: 1.150 Thread 0x000002af3f416a80 Thread exited: 0x000002af3f416a80
Event: 1.150 Thread 0x000002af6541b810 Thread added: 0x000002af6541b810
Event: 3.540 Thread 0x000002af6541a870 Thread added: 0x000002af6541bfe0


Dynamic libraries:
0x00007ff6a9640000 - 0x00007ff6a9650000 	C:\Program Files\Java\jdk-25\bin\java.exe
0x00007ffcbbec0000 - 0x00007ffcbc127000 	C:\WINDOWS\SYSTEM32\ntdll.dll
0x00007ffc87a10000 - 0x00007ffc87a30000 	C:\Program Files\AVG\Antivirus\aswhook.dll
0x00007ffcbb460000 - 0x00007ffcbb529000 	C:\WINDOWS\System32\KERNEL32.DLL
0x00007ffcb90f0000 - 0x00007ffcb94df000 	C:\WINDOWS\System32\KERNELBASE.dll
0x00007ffcb96d0000 - 0x00007ffcb981b000 	C:\WINDOWS\System32\ucrtbase.dll
0x00007ffc8d6e0000 - 0x00007ffc8d6f7000 	C:\Program Files\Java\jdk-25\bin\jli.dll
0x00007ffcb28d0000 - 0x00007ffcb28ee000 	C:\Program Files\Java\jdk-25\bin\VCRUNTIME140.dll
0x00007ffcba790000 - 0x00007ffcba955000 	C:\WINDOWS\System32\USER32.dll
0x00007ffcb90c0000 - 0x00007ffcb90e7000 	C:\WINDOWS\System32\win32u.dll
0x00007ffc9ae50000 - 0x00007ffc9b0e3000 	C:\WINDOWS\WinSxS\amd64_microsoft.windows.common-controls_6595b64144ccf1df_6.0.26100.7309_none_3e05feeae336a044\COMCTL32.dll
0x00007ffcbbd80000 - 0x00007ffcbbdab000 	C:\WINDOWS\System32\GDI32.dll
0x00007ffcbaaa0000 - 0x00007ffcbab49000 	C:\WINDOWS\System32\msvcrt.dll
0x00007ffcb95a0000 - 0x00007ffcb96cc000 	C:\WINDOWS\System32\gdi32full.dll
0x00007ffcb9010000 - 0x00007ffcb90b3000 	C:\WINDOWS\System32\msvcp_win.dll
0x00007ffcba630000 - 0x00007ffcba661000 	C:\WINDOWS\System32\IMM32.DLL
0x00007ffcb2d20000 - 0x00007ffcb2d2c000 	C:\Program Files\Java\jdk-25\bin\vcruntime140_1.dll
0x00007ffc7d930000 - 0x00007ffc7d9bd000 	C:\Program Files\Java\jdk-25\bin\msvcp140.dll
0x00007ffc39460000 - 0x00007ffc3a2bf000 	C:\Program Files\Java\jdk-25\bin\server\jvm.dll
0x00007ffcbbcc0000 - 0x00007ffcbbd74000 	C:\WINDOWS\System32\ADVAPI32.dll
0x00007ffcbb530000 - 0x00007ffcbb5d6000 	C:\WINDOWS\System32\sechost.dll
0x00007ffcba670000 - 0x00007ffcba788000 	C:\WINDOWS\System32\RPCRT4.dll
0x00007ffcb9c60000 - 0x00007ffcb9cd4000 	C:\WINDOWS\System32\WS2_32.dll
0x00007ffcb8e70000 - 0x00007ffcb8ece000 	C:\WINDOWS\SYSTEM32\POWRPROF.dll
0x00007ffca5740000 - 0x00007ffca5775000 	C:\WINDOWS\SYSTEM32\WINMM.dll
0x00007ffcaed70000 - 0x00007ffcaed7b000 	C:\WINDOWS\SYSTEM32\VERSION.dll
0x00007ffcb8e50000 - 0x00007ffcb8e64000 	C:\WINDOWS\SYSTEM32\UMPDC.dll
0x00007ffcb7d80000 - 0x00007ffcb7d9b000 	C:\WINDOWS\SYSTEM32\kernel.appcore.dll
0x00007ffcb2930000 - 0x00007ffcb293a000 	C:\Program Files\Java\jdk-25\bin\jimage.dll
0x00007ffcb6740000 - 0x00007ffcb6982000 	C:\WINDOWS\SYSTEM32\DBGHELP.DLL
0x00007ffcbb930000 - 0x00007ffcbbcb5000 	C:\WINDOWS\System32\combase.dll
0x00007ffcba9c0000 - 0x00007ffcbaa96000 	C:\WINDOWS\System32\OLEAUT32.dll
0x00007ffca7dd0000 - 0x00007ffca7e0c000 	C:\WINDOWS\SYSTEM32\dbgcore.DLL
0x00007ffcb94f0000 - 0x00007ffcb9595000 	C:\WINDOWS\System32\bcryptPrimitives.dll
0x00007ffca5860000 - 0x00007ffca587f000 	C:\Program Files\Java\jdk-25\bin\java.dll
0x00007ffcba390000 - 0x00007ffcba527000 	C:\WINDOWS\System32\ole32.dll
0x00007ffcbab50000 - 0x00007ffcbb2a3000 	C:\WINDOWS\System32\SHELL32.dll
0x00007ffcb98b0000 - 0x00007ffcb9a1a000 	C:\WINDOWS\System32\wintypes.dll
0x00007ffcb6bf0000 - 0x00007ffcb744e000 	C:\WINDOWS\SYSTEM32\windows.storage.dll
0x00007ffcba290000 - 0x00007ffcba385000 	C:\WINDOWS\System32\SHCORE.dll
0x00007ffcb9ce0000 - 0x00007ffcb9d46000 	C:\WINDOWS\System32\shlwapi.dll
0x00007ffcb8f30000 - 0x00007ffcb8f59000 	C:\WINDOWS\SYSTEM32\profapi.dll
0x00007ffc8c5d0000 - 0x00007ffc8c5e2000 	C:\Program Files\Java\jdk-25\bin\net.dll
0x00007ffcb82e0000 - 0x00007ffcb834b000 	C:\WINDOWS\system32\mswsock.dll
0x00007ffc8c5b0000 - 0x00007ffc8c5c6000 	C:\Program Files\Java\jdk-25\bin\nio.dll
0x00007ffc8c600000 - 0x00007ffc8c617000 	C:\Program Files\Java\jdk-25\bin\zip.dll
0x00007ffc4f500000 - 0x00007ffc4f684000 	C:\Program Files\Java\jdk-25\bin\awt.dll
0x00007ffcb5180000 - 0x00007ffcb521f000 	C:\WINDOWS\SYSTEM32\apphelp.dll
0x00007ffcb6140000 - 0x00007ffcb6170000 	C:\WINDOWS\system32\DWMAPI.DLL
0x00007ffcb5da0000 - 0x00007ffcb5e4b000 	C:\WINDOWS\system32\uxtheme.dll
0x00007ffc7eb20000 - 0x00007ffc7ec30000 	C:\WINDOWS\system32\opengl32.dll
0x00007ffc84da0000 - 0x00007ffc84dcd000 	C:\WINDOWS\SYSTEM32\GLU32.dll
0x00007ffcb5f90000 - 0x00007ffcb5fd4000 	C:\WINDOWS\SYSTEM32\dxcore.dll
0x00007ffcbb7c0000 - 0x00007ffcbb91e000 	C:\WINDOWS\System32\MSCTF.dll
0x00007ffc7d550000 - 0x00007ffc7d5d7000 	C:\Program Files\Java\jdk-25\bin\freetype.dll
0x00007ffc50bb0000 - 0x00007ffc50c9e000 	C:\Program Files\Java\jdk-25\bin\fontmanager.dll
0x00007ffcbbdc0000 - 0x00007ffcbbe70000 	C:\WINDOWS\System32\clbcatq.dll
0x00007ffcb3790000 - 0x00007ffcb39c0000 	C:\WINDOWS\SYSTEM32\WindowsCodecs.dll
0x00007ffc7e8c0000 - 0x00007ffc7e91a000 	C:\WINDOWS\system32\dataexchange.dll
0x00007ffca8f50000 - 0x00007ffca9194000 	C:\WINDOWS\system32\twinapi.appcore.dll
0x00007ffc8d900000 - 0x00007ffc8da48000 	C:\WINDOWS\SYSTEM32\textinputframework.dll
0x00007ffcb4b60000 - 0x00007ffcb4c87000 	C:\WINDOWS\SYSTEM32\CoreMessaging.dll
0x00007ffcae680000 - 0x00007ffcae962000 	C:\WINDOWS\SYSTEM32\CoreUIComponents.dll
0x00007ffcb85d0000 - 0x00007ffcb85dc000 	C:\WINDOWS\SYSTEM32\CRYPTBASE.DLL
0x00007ffc802a0000 - 0x00007ffc8031e000 	C:\WINDOWS\system32\Ninput.dll

JVMTI agents: none

dbghelp: loaded successfully - version: 4.0.5 - missing functions: none
symbol engine: initialized successfully - sym options: 0x614 - pdb path: .;C:\Program Files\Java\jdk-25\bin;C:\WINDOWS\SYSTEM32;C:\Program Files\AVG\Antivirus;C:\WINDOWS\WinSxS\amd64_microsoft.windows.common-controls_6595b64144ccf1df_6.0.26100.7309_none_3e05feeae336a044;C:\Program Files\Java\jdk-25\bin\server

VM Arguments:
jvm_args: -Dfile.encoding=UTF-8 --module-path=C:\Users\Chaya\OneDrive\Documents\NetBeansProjects\TPP5\build\classes 
java_command: tpp5.Main
java_class_path (initial): C:\Users\Chaya\Downloads\com.google.gson_2.10.1.jar;C:\Users\Chaya\OneDrive\Documents\NetBeansProjects\TPP5\build\classes
Launcher Type: SUN_STANDARD

[Global flags]
     intx CICompilerCount                          = 4                                         {product} {ergonomic}
     uint ConcGCThreads                            = 2                                         {product} {ergonomic}
     uint G1ConcRefinementThreads                  = 8                                         {product} {ergonomic}
   size_t G1HeapRegionSize                         = 2097152                                   {product} {ergonomic}
   size_t InitialHeapSize                          = 266338304                                 {product} {ergonomic}
   size_t MarkStackSize                            = 4194304                                   {product} {ergonomic}
   size_t MarkStackSizeMax                         = 536870912                                 {product} {ergonomic}
   size_t MaxHeapSize                              = 4255121408                                {product} {ergonomic}
   size_t MaxNewSize                               = 2552233984                                {product} {ergonomic}
   size_t MinHeapDeltaBytes                        = 2097152                                   {product} {ergonomic}
   size_t MinHeapSize                              = 8388608                                   {product} {ergonomic}
    uintx NonNMethodCodeHeapSize                   = 5832704                                {pd product} {ergonomic}
    uintx NonProfiledCodeHeapSize                  = 122945536                              {pd product} {ergonomic}
    uintx ProfiledCodeHeapSize                     = 122880000                              {pd product} {ergonomic}
    uintx ReservedCodeCacheSize                    = 251658240                              {pd product} {ergonomic}
     bool SegmentedCodeCache                       = true                                      {product} {ergonomic}
   size_t SoftMaxHeapSize                          = 4255121408                             {manageable} {ergonomic}
     bool UseCompressedOops                        = true                           {product lp64_product} {ergonomic}
     bool UseG1GC                                  = true                                      {product} {ergonomic}
     bool UseLargePagesIndividualAllocation        = false                                  {pd product} {ergonomic}

Logging:
Log output configuration:
 #0: stdout all=warning uptime,level,tags foldmultilines=false
 #1: stderr all=off uptime,level,tags foldmultilines=false

Release file:
IMPLEMENTOR="Oracle Corporation" 
JAVA_RUNTIME_VERSION="25.0.1+8-LTS-27" 
JAVA_VERSION="25.0.1" 
JAVA_VERSION_DATE="2025-10-21" 
LIBC="default" 
MODULES="java.base java.compiler java.datatransfer java.xml java.prefs java.desktop java.instrument java.logging java.management java.security.sasl java.naming java.rmi java.management.rmi java.net.http java.scripting java.security.jgss java.transaction.xa java.sql java.sql.rowset java.xml.crypto java.se java.smartcardio jdk.accessibility jdk.internal.jvmstat jdk.attach jdk.charsets jdk.internal.opt jdk.zipfs jdk.compiler jdk.crypto.cryptoki jdk.crypto.ec jdk.crypto.mscapi jdk.dynalink jdk.internal.ed jdk.editpad jdk.internal.vm.ci jdk.graal.compiler jdk.graal.compiler.management jdk.hotspot.agent jdk.httpserver jdk.incubator.vector jdk.internal.le jdk.internal.md jdk.jartool jdk.javadoc jdk.jcmd jdk.management jdk.management.agent jdk.jconsole jdk.jdeps jdk.jdwp.agent jdk.jdi jdk.jfr jdk.jlink jdk.jpackage jdk.jshell jdk.jsobject jdk.jstatd jdk.localedata jdk.management.jfr jdk.naming.dns jdk.naming.rmi jdk.net jdk.nio.mapmode jdk.sctp jdk.security.auth jdk.security.jgss jdk.unsupported jdk.unsupported.desktop jdk.xml.dom" 
OS_ARCH="x86_64" 
OS_NAME="Windows" 
SOURCE=".:git:862c85bc42b7 open:git:78770bfaefd2" 

Environment Variables:
PATH=C:\Program Files\Common Files\Oracle\Java\javapath;C:\Program Files (x86)\Common Files\Oracle\Java\javapath;C:\oraclexe\app\oracle\product\11.2.0\server\bin;C:\WINDOWS\system32;C:\WINDOWS;C:\WINDOWS\System32\Wbem;C:\WINDOWS\System32\WindowsPowerShell\v1.0\;C:\WINDOWS\System32\OpenSSH\;C:\Program Files\Microsoft VS Code\bin;C:\Program Files\MATLAB\R2024a\runtime\win64;C:\Program Files\MATLAB\R2024a\bin;C:\Program Files\Java\jdk-25\bin;C:\Program Files\Git\cmd;C:\Users\Chaya\AppData\Local\Programs\Python\Launcher\;C:\Users\Chaya\AppData\Local\Microsoft\WindowsApps;
USERNAME=Chaya
OS=Windows_NT
PROCESSOR_IDENTIFIER=Intel64 Family 6 Model 142 Stepping 10, GenuineIntel
TMP=C:\Users\Chaya\AppData\Local\Temp
TEMP=C:\Users\Chaya\AppData\Local\Temp




Compilation memory statistics disabled.

Periodic native trim disabled

---------------  S Y S T E M  ---------------

OS:
 Windows 11 , 64 bit Build 26100 (10.0.26100.7309)
OS uptime: 1 days 10:01 hours
Hyper-V role detected

CPU: total 8 (initial active 8) (4 cores per cpu, 2 threads per core) family 6 model 142 stepping 10 microcode 0xf6, cx8, cmov, fxsr, ht, mmx, 3dnowpref, sse, sse2, sse3, ssse3, sse4.1, sse4.2, popcnt, lzcnt, tsc, tscinvbit, avx, avx2, aes, erms, clmul, bmi1, bmi2, adx, fma, vzeroupper, clflush, clflushopt, hv, rdtscp, f16c
Processor Information for processor 0
  Max Mhz: 1992, Current Mhz: 1494, Mhz Limit: 1792
Processor Information for processor 1
  Max Mhz: 1992, Current Mhz: 1494, Mhz Limit: 1792
Processor Information for processor 2
  Max Mhz: 1992, Current Mhz: 1494, Mhz Limit: 1792
Processor Information for processor 3
  Max Mhz: 1992, Current Mhz: 1494, Mhz Limit: 1792
Processor Information for processor 4
  Max Mhz: 1992, Current Mhz: 1494, Mhz Limit: 1792
Processor Information for processor 5
  Max Mhz: 1992, Current Mhz: 1494, Mhz Limit: 1792
Processor Information for processor 6
  Max Mhz: 1992, Current Mhz: 1792, Mhz Limit: 1792
Processor Information for processor 7
  Max Mhz: 1992, Current Mhz: 1494, Mhz Limit: 1792

Memory: 4k page, system-wide physical 16227M (6955M free)
TotalPageFile size 17752M (AvailPageFile size 4987M)
current process WorkingSet (physical memory assigned to process): 82M, peak: 109M
current process commit charge ("private bytes"): 370M, peak: 385M

vm_info: Java HotSpot(TM) 64-Bit Server VM (25.0.1+8-LTS-27) for windows-amd64 JRE (25.0.1+8-LTS-27), built on 2025-09-25T16:41:16Z with unknown MS VC++:1943

END.
